12345
21354
23145
32415
23451
24315
42351
43215
34251
43521
45312
54321
53412
35421
34512
43152
34125
31452
13425
14352
41325
14235
12453
21435
24153
42135
41253
14523
41532
45123
54132
51423
15432
51342
53124
35142
31524
13542
15324
51234
15243
12534
21543
25134
52143
25413
24531
42513
45231
54213
52431
25341
52314
53241
35214
32541
23514
32154
31245
13254