12345
21354
23145
32415
23451
24315
42351
43215
34251
43521
45312
54321
53412
35421
34512
43152
34125
31452
13425
14352
41325
14235
12453
21435
24153
42135
41253
14523
41532
45123
54132
51423
15432
51342
53124
35142
31524
13542
15324
51234
15243
12534
21543
25134
52143
25413
24531
42513
45231
54213
52431
25341
52314
53241
35241
32514
23541
32451
34215
43251
42315
24351
23415
32145
23154
21345
12354
13245
31254
13524
15342
51324
53142
35124
31542
13452
31425
34152
43125
41352
14325
41235
42153
24135
21453
12435
14253
41523
14532
15423
51432
54123
45132
54312
53421
35412
34521
43512
45321
54231
45213
42531
24513
25431
52413
25143
21534
12543
15234
51243
52134
25314
52341
53214
35214
32541
23514
32154
31245
13254