mas
Tho	mas
mas	Tho
et	Tho	mas
Tho	et	mas
Tho	mas	et
mas	Tho	et
mas	et	Tho
et	mas	Tho
ma	et	Tho	mas
et	ma	Tho	mas
et	Tho	ma	mas
Tho	et	mas	ma
et	Tho	mas	ma
Tho	et	ma	mas
Tho	ma	et	mas
ma	Tho	et	mas
ma	Tho	mas	et
Tho	ma	mas	et
Tho	mas	ma	et
mas	Tho	et	ma
Tho	mas	et	ma
mas	Tho	ma	et
mas	ma	Tho	et
ma	mas	Tho	et
ma	mas	et	Tho
mas	ma	et	Tho
mas	et	ma	Tho
et	mas	Tho	ma
mas	et	Tho	ma
et	mas	ma	Tho
et	ma	mas	Tho
ma	et	mas	Tho
Em	ma	et	Tho	mas
ma	Em	et	mas	Tho
ma	et	Em	Tho	mas
et	ma	Tho	Em	mas
ma	et	Tho	mas	Em
ma	Tho	et	Em	mas
Tho	ma	et	mas	Em
Tho	et	ma	Em	mas
et	Tho	ma	mas	Em
Tho	et	mas	ma	Em
Tho	mas	et	Em	ma
mas	Tho	et	ma	Em
mas	et	Tho	Em	ma
et	mas	Tho	ma	Em
et	Tho	mas	Em	ma
Tho	et	Em	mas	ma
et	Tho	Em	ma	mas
et	Em	Tho	mas	ma
Em	et	Tho	ma	mas
Em	Tho	et	mas	ma
Tho	Em	et	ma	mas
Em	Tho	ma	et	mas
Em	ma	Tho	mas	et
ma	Em	Tho	et	mas
ma	Tho	Em	mas	et
Tho	ma	Em	et	mas
Tho	Em	ma	mas	et
Em	Tho	mas	ma	et
Tho	Em	mas	et	ma
Tho	mas	Em	ma	et
mas	Tho	Em	et	ma
mas	Em	Tho	ma	et
Em	mas	Tho	et	ma
mas	Em	et	Tho	ma
mas	et	Em	ma	Tho
et	mas	Em	Tho	ma
et	Em	mas	ma	Tho
Em	et	mas	Tho	ma
Em	mas	et	ma	Tho
mas	Em	ma	et	Tho
Em	mas	ma	Tho	et
Em	ma	mas	et	Tho
ma	Em	mas	Tho	et
ma	mas	Em	et	Tho
mas	ma	Em	Tho	et
ma	mas	Tho	Em	et
ma	Tho	mas	et	Em
Tho	ma	mas	Em	et
Tho	mas	ma	et	Em
mas	Tho	ma	Em	et
mas	ma	Tho	et	Em
ma	mas	et	Tho	Em
mas	ma	et	Em	Tho
mas	et	ma	Tho	Em
et	mas	ma	Tho	Em
et	ma	mas	Em	Tho
ma	et	mas	Tho	Em
et	ma	Tho	mas	Em
et	Tho	ma	Em	mas
Tho	et	ma	mas	Em
Tho	ma	et	Em	mas
ma	Tho	et	mas	Em
ma	et	Tho	Em	mas
et	ma	Em	Tho	mas
ma	et	Em	mas	Tho
ma	Em	et	Tho	mas
Em	ma	et	mas	Tho
Em	et	ma	Tho	mas
et	Em	ma	mas	Tho
Em	et	mas	ma	Tho
Em	mas	et	Tho	ma
mas	Em	et	ma	Tho
mas	et	Em	Tho	ma
et	mas	Em	ma	Tho
et	Em	mas	Tho	ma
Em	et	Tho	mas	ma
et	Em	Tho	ma	mas
et	Tho	Em	mas	ma
Tho	et	Em	ma	mas
Tho	Em	et	mas	ma
Em	Tho	et	ma	mas
Tho	Em	ma	et	mas
Tho	ma	Em	mas	et
ma	Tho	Em	et	mas
ma	Em	Tho	mas	et
Em	ma	Tho	et	mas
Em	Tho	ma	mas	et
Tho	Em	mas	ma	et
Em	Tho	mas	et	ma
Em	mas	Tho	ma	et
mas	Em	Tho	et	ma
mas	Tho	Em	ma	et
Tho	mas	Em	et	ma
mas	Tho	et	Em	ma
mas	et	Tho	ma	Em
et	mas	Tho	Em	ma
et	Tho	mas	ma	Em
Tho	et	mas	Em	ma
Tho	mas	et	ma	Em
mas	Tho	ma	et	Em
Tho	mas	ma	Em	et
Tho	ma	mas	et	Em
ma	Tho	mas	Em	et
ma	mas	Tho	et	Em
mas	ma	Tho	Em	et
ma	mas	Em	Tho	et
ma	Em	mas	et	Tho
Em	ma	mas	Tho	et
Em	mas	ma	et	Tho
mas	Em	ma	Tho	et
mas	ma	Em	et	Tho
ma	mas	et	Em	Tho
mas	ma	et	Tho	Em
mas	et	ma	Em	Tho
et	mas	ma	Em	Tho
et	ma	mas	Tho	Em
ma	et	mas	Em	Tho
et	ma	Em	mas	Tho
et	Em	ma	Tho	mas
Em	et	ma	mas	Tho
Em	ma	et	Tho
ma	Em	et	Tho
ma	et	Em	Tho
et	ma	Tho	Em
ma	et	Tho	Em
et	ma	Em	Tho
et	Em	ma	Tho
Em	et	ma	Tho
Em	et	Tho	ma
et	Em	Tho	ma
et	Tho	Em	ma
Tho	et	ma	Em
et	Tho	ma	Em
Tho	et	Em	ma
Tho	Em	et	ma
Em	Tho	et	ma
Em	Tho	ma	et
Tho	Em	ma	et
Tho	ma	Em	et
ma	Tho	et	Em
Tho	ma	et	Em
ma	Tho	Em	et
ma	Em	Tho	et
Em	ma	Tho	et
Em	ma	et
ma	Em	et
ma	et	Em
et	ma	Em
et	Em	ma
Em	et	ma
Em	ma
ma	Em
Em